PUNTO4

C:\Users\usuario\Documents\Practica1>git config -l
core.symlinks=false
core.autocrlf=true
core.fscache=true
color.diff=auto
color.status=auto
color.branch=auto
color.interactive=true
help.format=html
http.sslcainfo=C:/Program Files/Git/mingw64/ssl/certs/ca-bundle.crt
diff.astextplain.textconv=astextplain
rebase.autosquash=true
credential.helper=manager
user.name=YONE
user.email=yonem9@gmail.com
core.repositoryformatversion=0
core.filemode=false
core.bare=false
core.logallrefupdates=true
core.symlinks=false
core.ignorecase=true

PUNTO5
C:\Users\usuario\Documents\Practica1>git status
On branch master

Initial commit

nothing to commit (create/copy files and use "git add" to track)

PUNTO6

C:\Users\usuario\Documents\Practica1>git commit -m "COMMIT Inicial"
On branch master

Initial commit

nothing to commit

PUNTO8

On branch master

Initial commit

Untracked files:
  (use "git add <file>..." to include in what will be committed)

	Capitulo-1.txt
	Capitulo-2.txt
	Capitulo-3.txt
	Indice.txt
	LOG.txt

	

	
nothing added to commit but untracked files present (use "git add" to track)
On branch master


PUNTO10

Initial commit

Changes to be committed:
  (use "git rm --cached <file>..." to unstage)

	new file:   Indice.txt

Untracked files:
  (use "git add <file>..." to include in what will be committed)

	Capitulo-1.txt
	Capitulo-2.txt
	Capitulo-3.txt
	LOG.txt

	
	PUNTO 14
	
On branch master

Initial commit

Changes to be committed:
  (use "git rm --cached <file>..." to unstage)

	new file:   Capitulo-1.txt
	new file:   Capitulo-2.txt
	new file:   Capitulo-3.txt
	new file:   Indice.txt
	new file:   LOG.txt

	
	PUNTO 16
	
On branch master

Initial commit

Changes to be committed:
  (use "git rm --cached <file>..." to unstage)

	new file:   Indice.txt
	new file:   LOG.txt

Changes not staged for commit:
  (use "git add <file>..." to update what will be committed)
  (use "git checkout -- <file>..." to discard changes in working directory)

	modified:   LOG.txt

Untracked files:
  (use "git add <file>..." to include in what will be committed)

	Capitulo-1.txt
	Capitulo-2.txt
	Capitulo-3.txt

	Punto 20 a)
	
On branch master
Untracked files:
  (use "git add <file>..." to include in what will be committed)

	Capitulo-1.txt
	Capitulo-2.txt
	Capitulo-3.txt
	Captura.PNG

nothing added to commit but untracked files present (use "git add" to track)



	Punto 20) c




C:\Users\usuario\Documents\Practica1>git log --oneline --graph
* 4c4d9bd COMMIT de Indice y LOG guardado:
* 9c08582 COMMIT del Indice y del Log 1


	Punto 20 d)

C:\Users\usuario\Documents\Practica1>git log --oneline --decorate
4c4d9bd (HEAD -> master) COMMIT de Indice y LOG guardado:
9c08582 COMMIT del Indice y del Log 1

	PASO 22

C:\Users\usuario\Documents\Practica1>git log --oneline --decorate
aae3384 (HEAD -> master) Ponemos cap 3
90acdd8 CAP 2 guardado
5f08be0 ANADIMOS el Capitulo 1
4c4d9bd COMMIT de Indice y LOG guardado:
9c08582 COMMIT del Indice y del Log 1

C:\Users\usuario\Documents\Practica1>git status >> LOG.txt

C:\Users\usuario\Documents\Practica1>




PASO 24


On branch master
Changes not staged for commit:
  (use "git add <file>..." to update what will be committed)
  (use "git checkout -- <file>..." to discard changes in working directory)

	modified:   Capitulo-1.txt
	modified:   Indice.txt
	modified:   LOG.txt

Untracked files:
  (use "git add <file>..." to include in what will be committed)

	Capitulo-4.txt
	Captura.PNG

no changes added to commit (use "git add" and/or "git commit -a")

PASO 26!

9d453d5 (HEAD -> master) COMMIT CAP 4 first time
bb611ab COMMIT UPDATE  INDICE
341c3ae COMMIT UPDATE CAP 1
aae3384 Ponemos cap 3
90acdd8 CAP 2 guardado
5f08be0 ANADIMOS el Capitulo 1
4c4d9bd COMMIT de Indice y LOG guardado:
9c08582 COMMIT del Indice y del Log 1
commit 9879089c89998df1081d0a85270488f6236a60a4
Author: YONE <yonem9@gmail.com>
Date:   Thu Sep 28 10:05:22 2017 +0100


PUNTO 1 PRACTICA 2 paso1 


    LOOG ADDED!

commit 9d453d53755605a84d0d09c3ea334ea5119f8a85
Author: YONE <yonem9@gmail.com>
Date:   Thu Sep 28 10:00:00 2017 +0100

    COMMIT CAP 4 first time

commit bb611ab99bc42145c33fa5c0da211a122ae16aa9
Author: YONE <yonem9@gmail.com>
Date:   Thu Sep 28 09:59:32 2017 +0100

    COMMIT UPDATE  INDICE

commit 341c3aec8f1aacd8efa0e57072236eb4effe380d
Author: YONE <yonem9@gmail.com>
Date:   Thu Sep 28 09:58:39 2017 +0100

    COMMIT UPDATE CAP 1

commit aae3384ba7a88750ea463f961ab24308e5f79a87
Author: YONE <yonem9@gmail.com>
Date:   Thu Sep 28 09:53:08 2017 +0100

    Ponemos cap 3

commit 90acdd80bb387f69881c4f1c8a4abaee525f6205
Author: YONE <yonem9@gmail.com>
Date:   Thu Sep 28 09:52:43 2017 +0100

    CAP 2 guardado

commit 5f08be01eca69fbe0acdfbf5205aea9f72f68f52
Author: YONE <yonem9@gmail.com>
Date:   Thu Sep 28 09:51:57 2017 +0100

    ANADIMOS el Capitulo 1

commit 4c4d9bd33756319faea2303f497052ef72898a87
Author: YONE <yonem9@gmail.com>
Date:   Thu Sep 28 09:45:12 2017 +0100

    COMMIT de Indice y LOG guardado:

commit 9c08582223716474601a2c84e03ad7382abbfe9a
Author: YONE <yonem9@gmail.com>
Date:   Thu Sep 28 09:40:48 2017 +0100

    COMMIT del Indice y del Log 1
